
> backend@1.0.0 build
> tsc

src/routes/expenseRoutes.ts(20,7): error TS2322: Type 'string | string[] | undefined' is not assignable to type 'string'.
  Type 'undefined' is not assignable to type 'string'.
src/routes/expenseRoutes.ts(35,38): error TS2345: Argument of type 'string | string[] | undefined' is not assignable to parameter of type 'string'.
  Type 'undefined' is not assignable to type 'string'.
src/routes/mediaRoutes.ts(44,39): error TS2345: Argument of type 'string | string[] | undefined' is not assignable to parameter of type 'string'.
  Type 'undefined' is not assignable to type 'string'.
src/routes/mediaRoutes.ts(54,14): error TS2339: Property 'user' does not exist on type 'Request<ParamsDictionary, any, any, ParsedQs, Record<string, any>>'.
src/routes/mediaRoutes.ts(57,27): error TS2345: Argument of type 'string | string[] | undefined' is not assignable to parameter of type 'string'.
  Type 'undefined' is not assignable to type 'string'.
src/routes/mediaRoutes.ts(57,40): error TS2339: Property 'user' does not exist on type 'Request<ParamsDictionary, any, any, ParsedQs, Record<string, any>>'.
src/routes/reportRoutes.ts(10,45): error TS2345: Argument of type 'string | string[] | undefined' is not assignable to parameter of type 'string'.
  Type 'undefined' is not assignable to type 'string'.
src/routes/tripRoutes.ts(25,36): error TS2345: Argument of type 'string | string[] | undefined' is not assignable to parameter of type 'string'.
  Type 'undefined' is not assignable to type 'string'.
src/routes/tripRoutes.ts(40,34): error TS2345: Argument of type 'string | string[] | undefined' is not assignable to parameter of type 'string'.
  Type 'undefined' is not assignable to type 'string'.
src/routes/tripRoutes.ts(61,41): error TS2345: Argument of type 'string | string[] | undefined' is not assignable to parameter of type 'string'.
  Type 'undefined' is not assignable to type 'string'.
src/routes/tripRoutes.ts(85,9): error TS2322: Type 'string | string[] | undefined' is not assignable to type 'string'.
  Type 'undefined' is not assignable to type 'string'.
src/routes/tripRoutes.ts(105,48): error TS2345: Argument of type 'string | string[] | undefined' is not assignable to parameter of type 'string'.
  Type 'undefined' is not assignable to type 'string'.
src/routes/tripRoutes.ts(119,30): error TS2345: Argument of type 'string | string[] | undefined' is not assignable to parameter of type 'string'.
  Type 'undefined' is not assignable to type 'string'.
src/services/mediaService.ts(32,36): error TS2769: No overload matches this call.
  The last overload gave the following error.
    Argument of type '{ trip: Types.ObjectId; uploadedBy: Types.ObjectId; url: string; publicId: string; caption: string | undefined; }' is not assignable to parameter of type '{ trip?: ObjectId | { readonly _bsontype?: StringQueryTypeCasting; id?: { [x: number]: number | undefined; readonly BYTES_PER_ELEMENT?: number; readonly buffer?: { ...; } | { ...; }; ... 30 more ...; readonly [Symbol.toStringTag]?: "Uint8Array"; } | { ...; }; ... 7 more ...; readonly [bsonType]?: StringQueryTypeCast...' with 'exactOptionalPropertyTypes: true'. Consider adding 'undefined' to the types of the target's properties.
      Types of property 'caption' are incompatible.
        Type 'string | undefined' is not assignable to type 'StringQueryTypeCasting'.
          Type 'undefined' is not assignable to type 'StringQueryTypeCasting'.
src/services/reportService.ts(1,25): error TS7016: Could not find a declaration file for module 'pdfkit'. 'E:/Go2Gether/backend/node_modules/pdfkit/js/pdfkit.js' implicitly has an 'any' type.
  Try `npm i --save-dev @types/pdfkit` if it exists or add a new declaration (.d.ts) file containing `declare module 'pdfkit';`
src/services/reportService.ts(21,21): error TS7006: Parameter 'chunk' implicitly has an 'any' type.
src/services/reportService.ts(23,22): error TS7006: Parameter 'err' implicitly has an 'any' type.
src/services/tripService.ts(18,34): error TS2769: No overload matches this call.
  The last overload gave the following error.
    Argument of type '{ room: Types.ObjectId; destination: { lat: number; lng: number; address?: string; } | undefined; startTime: Date; status: string; }' is not assignable to parameter of type '{ room?: ObjectId | { readonly _bsontype?: StringQueryTypeCasting; id?: { [x: number]: number | undefined; readonly BYTES_PER_ELEMENT?: number; readonly buffer?: { ...; } | { ...; }; ... 30 more ...; readonly [Symbol.toStringTag]?: "Uint8Array"; } | { ...; }; ... 7 more ...; readonly [bsonType]?: StringQueryTypeCast...' with 'exactOptionalPropertyTypes: true'. Consider adding 'undefined' to the types of the target's properties.
      Types of property 'destination' are incompatible.
        Type '{ lat: number; lng: number; address?: string; } | undefined' is not assignable to type '{ lat?: number; lng?: number; address?: string; } | { lat?: number; lng?: number; address?: StringQueryTypeCasting; }'.
          Type 'undefined' is not assignable to type '{ lat?: number; lng?: number; address?: string; } | { lat?: number; lng?: number; address?: StringQueryTypeCasting; }'.
src/services/tripService.ts(25,26): error TS2339: Property '_id' does not exist on type 'never'.
src/services/tripService.ts(50,3): error TS2412: Type 'undefined' is not assignable to type 'ObjectId' with 'exactOptionalPropertyTypes: true'. Consider adding 'undefined' to the type of the target.
src/services/tripService.ts(85,46): error TS2769: No overload matches this call.
  The last overload gave the following error.
    Argument of type '{ trip: Types.ObjectId; title: string; description: string | undefined; location: { lat: number; lng: number; }; createdBy: Types.ObjectId; }' is not assignable to parameter of type '{ trip?: ObjectId | { readonly _bsontype?: StringQueryTypeCasting; id?: { [x: number]: number | undefined; readonly BYTES_PER_ELEMENT?: number; readonly buffer?: { ...; } | { ...; }; ... 30 more ...; readonly [Symbol.toStringTag]?: "Uint8Array"; } | { ...; }; ... 7 more ...; readonly [bsonType]?: StringQueryTypeCast...' with 'exactOptionalPropertyTypes: true'. Consider adding 'undefined' to the types of the target's properties.
      Types of property 'description' are incompatible.
        Type 'string | undefined' is not assignable to type 'StringQueryTypeCasting'.
          Type 'undefined' is not assignable to type 'StringQueryTypeCasting'.
